
  .   ____          _            __ _ _
 /\\ / ___'_ __ _ _(_)_ __  __ _ \ \ \ \
( ( )\___ | '_ | '_| | '_ \/ _` | \ \ \ \
 \\/  ___)| |_)| | | | | || (_| |  ) ) ) )
  '  |____| .__|_| |_|_| |_\__, | / / / /
 =========|_|==============|___/=/_/_/_/
 :: Spring Boot ::                (v3.2.5)

2026-07-21T01:53:01.679+08:00  INFO 64072 --- [demo1] [           main] com.example.demo.Demo1Application        : Starting Demo1Application v0.0.1-SNAPSHOT using Java 17.0.12 with PID 64072 (E:\new\demo1\target\demo-0.0.1-SNAPSHOT.jar started by myl in C:\Windows\System32)
2026-07-21T01:53:01.689+08:00  INFO 64072 --- [demo1] [           main] com.example.demo.Demo1Application        : No active profile set, falling back to 1 default profile: "default"
2026-07-21T01:53:03.204+08:00  INFO 64072 --- [demo1] [           main] o.s.b.w.embedded.tomcat.TomcatWebServer  : Tomcat initialized with port 8080 (http)
2026-07-21T01:53:03.225+08:00  INFO 64072 --- [demo1] [           main] o.apache.catalina.core.StandardService   : Starting service [Tomcat]
2026-07-21T01:53:03.227+08:00  INFO 64072 --- [demo1] [           main] o.apache.catalina.core.StandardEngine    : Starting Servlet engine: [Apache Tomcat/10.1.20]
2026-07-21T01:53:03.307+08:00  INFO 64072 --- [demo1] [           main] o.a.c.c.C.[Tomcat].[localhost].[/]       : Initializing Spring embedded WebApplicationContext
2026-07-21T01:53:03.309+08:00  INFO 64072 --- [demo1] [           main] w.s.c.ServletWebServerApplicationContext : Root WebApplicationContext: initialization completed in 1541 ms
 _ _   |_  _ _|_. ___ _ |    _ 
| | |\/|_)(_| | |_\  |_)||_|_\ 
     /               |         
                        3.5.9 
2026-07-21T01:53:04.164+08:00  WARN 64072 --- [demo1] [           main] .s.s.UserDetailsServiceAutoConfiguration : 

Using generated security password: 5e735610-f1b0-4b9f-820c-4f1f3722334e

This generated password is for development use only. Your security configuration must be updated before running your application in production.

2026-07-21T01:53:04.713+08:00  INFO 64072 --- [demo1] [           main] o.s.s.web.DefaultSecurityFilterChain     : Will secure any request with [org.springframework.security.web.session.DisableEncodeUrlFilter@7cfb0c4c, org.springframework.security.web.context.request.async.WebAsyncManagerIntegrationFilter@6b37df8e, org.springframework.security.web.context.SecurityContextHolderFilter@6467ddc7, org.springframework.security.web.header.HeaderWriterFilter@3cdff901, org.springframework.web.filter.CorsFilter@6b63abdc, org.springframework.security.web.authentication.logout.LogoutFilter@33a8c9c9, org.springframework.security.web.savedrequest.RequestCacheAwareFilter@59636c47, org.springframework.security.web.servletapi.SecurityContextHolderAwareRequestFilter@5c18d6d4, org.springframework.security.web.authentication.AnonymousAuthenticationFilter@7b351446, org.springframework.security.web.access.ExceptionTranslationFilter@1f7cec93, org.springframework.security.web.access.intercept.AuthorizationFilter@1961d75a]
2026-07-21T01:53:05.032+08:00  INFO 64072 --- [demo1] [           main] o.s.b.w.embedded.tomcat.TomcatWebServer  : Tomcat started on port 8080 (http) with context path ''
2026-07-21T01:53:05.049+08:00  INFO 64072 --- [demo1] [           main] com.example.demo.Demo1Application        : Started Demo1Application in 4.15 seconds (process running for 4.732)
2026-07-21T01:55:19.250+08:00  INFO 64072 --- [demo1] [nio-8080-exec-1] o.a.c.c.C.[Tomcat].[localhost].[/]       : Initializing Spring DispatcherServlet 'dispatcherServlet'
2026-07-21T01:55:19.250+08:00  INFO 64072 --- [demo1] [nio-8080-exec-1] o.s.web.servlet.DispatcherServlet        : Initializing Servlet 'dispatcherServlet'
2026-07-21T01:55:19.252+08:00  INFO 64072 --- [demo1] [nio-8080-exec-1] o.s.web.servlet.DispatcherServlet        : Completed initialization in 1 ms
2026-07-21T01:55:19.392+08:00  INFO 64072 --- [demo1] [nio-8080-exec-1] com.zaxxer.hikari.HikariDataSource       : HikariPool-1 - Starting...
2026-07-21T01:55:20.136+08:00  INFO 64072 --- [demo1] [nio-8080-exec-1] com.zaxxer.hikari.pool.HikariPool        : HikariPool-1 - Added connection com.mysql.cj.jdbc.ConnectionImpl@19d7ce7b
2026-07-21T01:55:20.140+08:00  INFO 64072 --- [demo1] [nio-8080-exec-1] com.zaxxer.hikari.HikariDataSource       : HikariPool-1 - Start completed.
2026-07-21T01:55:42.603+08:00  WARN 64072 --- [demo1] [nio-8080-exec-3] .w.s.m.s.DefaultHandlerExceptionResolver : Resolved [org.springframework.http.converter.HttpMessageNotReadableException: JSON parse error: Unexpected character ('\' (code 92)): was expecting double-quote to start field name]
